// Jest Snapshot v1, https://goo.gl/fbAQLP

exports[`render ButtonGroup should render the content 1`] = `
"<div class=\\"btn-group\\">
  <div class=\\"btn-group__inner\\"></div>
</div>"
`;
